{"time": 0.6810219287872314, "price": 4.63458, "priceStdDev": 0.0296105, "delta": [0.280094, 0.2806], "deltaStdDev": [0.0010546, 0.00105657]}