{"time": 0.24185395240783691, "price": 1.2569, "priceStdDev": 0.000586542, "delta": [-9.46912e-07, -3.22102e-06, -2.86044e-07, 1.12416e-06, 2.64421e-06], "deltaStdDev": [1.16413e-06, 1.16613e-06, 1.17597e-06, 1.1808e-06, 1.17686e-06]}